// Jest Snapshot v1, https://goo.gl/fbAQLP

exports[`exposeConfigGetterForProgram it should return the default config object if the config file path passed is falsy 1`] = `
Object {
  "distDir": ".wpnd",
  "environment": Object {
    "db": Object {
      "name": "exampledb",
      "password": "examplepass",
      "user": "exampleuser",
    },
    "port": 8085,
    "rebuildOnStart": false,
    "skipDockerCheck": false,
  },
  "srcDir": "src",
}
`;
